// Jest Snapshot v1, https://goo.gl/fbAQLP

exports[`useZNFT correctly loads auction information from uniswap 1`] = `
Object {
  "nft": Object {
    "contract": Object {
      "address": "0xb7f7f6c52f2e2fdb1963eab30438024864c313f6",
      "image": "https://lh3.googleusercontent.com/OnBu_tLdS59m_tThijZTUwikivyOdPFSY30VrD15Ucg8uW0x_bJ9iHQqP1iaQGh6Q5RllO_wFgfzVJunWgL6OWQw=s120",
      "name": "Wrapped Cryptopunks",
      "symbol": "WPUNKS",
    },
    "creator": "0x53ede7cae3eb6a7d11429fe589c0278c9acbe21a",
    "metadataURI": "https://wrappedpunks.com:3000/api/punks/metadata/5683",
    "owner": "0xe75021660e00a7fa0df1b97da13ebabe6d82e7ea",
    "tokenId": "5683",
  },
  "openseaInfo": Object {
    "animation_original_url": null,
    "animation_url": null,
    "asset_contract": Object {
      "address": "0xb7f7f6c52f2e2fdb1963eab30438024864c313f6",
      "asset_contract_type": "non-fungible",
      "buyer_fee_basis_points": 0,
      "created_date": "2020-09-08T15:11:55.066145",
      "default_to_fiat": false,
      "description": "Wrapped Punks are ERC721 Tokens, each one backed 1:1 by an original Cryptopunk by Larvalabs.

Buy an original Cryptopunk at https://larvalabs.com/cryptopunks

Turn your Original Cryptopunk into an ERC721 at https://wrappedpunks.com/

The CryptoPunks are the first NFT. A fixed set of 10,000, they were launched in mid-2017 and became one of the inspirations for the ERC-721 standard.",
      "dev_buyer_fee_basis_points": 0,
      "dev_seller_fee_basis_points": 0,
      "external_link": "https://wrappedpunks.com/",
      "image_url": "https://lh3.googleusercontent.com/OnBu_tLdS59m_tThijZTUwikivyOdPFSY30VrD15Ucg8uW0x_bJ9iHQqP1iaQGh6Q5RllO_wFgfzVJunWgL6OWQw=s120",
      "name": "Wrapped Cryptopunks",
      "nft_version": "3.0",
      "only_proxied_transfers": false,
      "opensea_buyer_fee_basis_points": 0,
      "opensea_seller_fee_basis_points": 250,
      "opensea_version": null,
      "owner": 601,
      "payout_address": null,
      "schema_name": "ERC721",
      "seller_fee_basis_points": 250,
      "symbol": "WPUNKS",
      "total_supply": "0",
    },
    "background_color": null,
    "collection": Object {
      "banner_image_url": "https://storage.googleapis.com/opensea-prod.appspot.com/static/banners/wrapped-banner2.png",
      "chat_url": null,
      "created_date": "2020-09-08T15:42:31.406295",
      "default_to_fiat": false,
      "description": "Wrapped Punks are ERC721 Tokens, each one backed 1:1 by an original Cryptopunk by Larvalabs.

Buy an original Cryptopunk at https://larvalabs.com/cryptopunks

Turn your Original Cryptopunk into an ERC721 at https://wrappedpunks.com/

The CryptoPunks are the first NFT. A fixed set of 10,000, they were launched in mid-2017 and became one of the inspirations for the ERC-721 standard.",
      "dev_buyer_fee_basis_points": "0",
      "dev_seller_fee_basis_points": "0",
      "discord_url": "https://discord.gg/Bvf5m9k",
      "display_data": Object {
        "card_display_style": "cover",
      },
      "external_url": "https://wrappedpunks.com/",
      "featured": false,
      "featured_image_url": "https://lh3.googleusercontent.com/pGU54BaIe5k4I_zsAt7j3mZaLLPDbRHzPqjPDOubQc_hyHw7T7lnGb8x3ce0O9NX3qYYD887BMZ3uvrbL1JJQU2g3Q=s300",
      "hidden": false,
      "image_url": "https://lh3.googleusercontent.com/OnBu_tLdS59m_tThijZTUwikivyOdPFSY30VrD15Ucg8uW0x_bJ9iHQqP1iaQGh6Q5RllO_wFgfzVJunWgL6OWQw=s120",
      "instagram_username": null,
      "is_subject_to_whitelist": false,
      "large_image_url": "https://lh3.googleusercontent.com/pGU54BaIe5k4I_zsAt7j3mZaLLPDbRHzPqjPDOubQc_hyHw7T7lnGb8x3ce0O9NX3qYYD887BMZ3uvrbL1JJQU2g3Q=s300",
      "medium_username": null,
      "name": "Wrapped Cryptopunks",
      "only_proxied_transfers": false,
      "opensea_buyer_fee_basis_points": "0",
      "opensea_seller_fee_basis_points": "250",
      "payout_address": null,
      "require_email": false,
      "safelist_request_status": "verified",
      "short_description": null,
      "slug": "wrapped-cryptopunks",
      "telegram_url": null,
      "twitter_username": "arkgalleryDAO",
      "wiki_url": null,
    },
    "creator": Object {
      "address": "0x53ede7cae3eb6a7d11429fe589c0278c9acbe21a",
      "config": "",
      "discord_id": "",
      "profile_img_url": "https://storage.googleapis.com/opensea-static/opensea-profile/2.png",
      "user": Object {
        "username": "Hemba",
      },
    },
    "decimals": 0,
    "description": "This Punk was wrapped using Wrapped Punks contract, accessible from https://wrappedpunks.com",
    "external_link": "https://wrappedpunks.com",
    "id": 16650348,
    "image_original_url": "https://wrappedpunks.com:3000/images/punks/5683.png",
    "image_preview_url": "https://lh3.googleusercontent.com/gWQJ3wVLZxXSluwbI4V1SLqzbwJtIp4H2qIHzw_u3xw7o42r3UzNqhrpSSTiyUnYQdyXaKVyav1t2kPfcsqVfLGfYBtsmEK6TXDS=s250",
    "image_thumbnail_url": "https://lh3.googleusercontent.com/gWQJ3wVLZxXSluwbI4V1SLqzbwJtIp4H2qIHzw_u3xw7o42r3UzNqhrpSSTiyUnYQdyXaKVyav1t2kPfcsqVfLGfYBtsmEK6TXDS=s128",
    "image_url": "https://lh3.googleusercontent.com/gWQJ3wVLZxXSluwbI4V1SLqzbwJtIp4H2qIHzw_u3xw7o42r3UzNqhrpSSTiyUnYQdyXaKVyav1t2kPfcsqVfLGfYBtsmEK6TXDS",
    "is_presale": false,
    "last_sale": Object {
      "asset": Object {
        "decimals": 0,
        "token_id": "5683",
      },
      "asset_bundle": null,
      "auction_type": "dutch",
      "created_date": "2020-09-29T04:52:14.730742",
      "event_timestamp": "2020-09-29T04:50:55",
      "event_type": "successful",
      "payment_token": Object {
        "address": "0x0000000000000000000000000000000000000000",
        "decimals": 18,
        "eth_price": "1.000000000000000",
        "id": 1,
        "image_url": "https://storage.opensea.io/files/6f8e2979d428180222796ff4a33ab929.svg",
        "name": "Ether",
        "symbol": "ETH",
        "usd_price": "2415.300000000000182000",
      },
      "quantity": "1",
      "total_price": "4990000000000000000",
      "transaction": Object {
        "block_hash": "0x8f3d9ba7df0cf431f04d6ee3b6e56967efed70f94455e4adaca81a0908b6fe98",
        "block_number": "10955351",
        "from_account": Object {
          "address": "0x13816f65ba8195768e6825eb774fd3c6a05a0ac8",
          "config": "affiliate",
          "discord_id": "",
          "profile_img_url": "https://storage.googleapis.com/opensea-static/opensea-profile/32.png",
          "user": Object {
            "username": null,
          },
        },
        "id": 49676580,
        "timestamp": "2020-09-29T04:50:55",
        "to_account": Object {
          "address": "0x131aebbfe55bca0c9eaad4ea24d386c5c082dd58",
          "config": "",
          "discord_id": "",
          "profile_img_url": "https://storage.googleapis.com/opensea-static/opensea-profile/16.png",
          "user": null,
        },
        "transaction_hash": "0xd4c03cc1a0f95c6d7fcb78edb58ceb38235ff4721bba353ad896f126c5e4396c",
        "transaction_index": "81",
      },
    },
    "listing_date": null,
    "name": "W#5683",
    "num_sales": 3,
    "owner": Object {
      "address": "0xe75021660e00a7fa0df1b97da13ebabe6d82e7ea",
      "config": "",
      "discord_id": "",
      "profile_img_url": "https://storage.googleapis.com/opensea-static/opensea-profile/15.png",
      "user": Object {
        "username": "CrypTortoise",
      },
    },
    "permalink": "https://opensea.io/assets/0xb7f7f6c52f2e2fdb1963eab30438024864c313f6/5683",
    "sell_orders": Array [
      Object {
        "approved_on_chain": false,
        "base_price": "25000000000000000000",
        "bounty_multiple": "0.01",
        "calldata": "0x23b872dd000000000000000000000000e75021660e00a7fa0df1b97da13ebabe6d82e7ea00000000000000000000000000000000000000000000000000000000000000000000000000000000000000000000000000000000000000000000000000001633",
        "cancelled": false,
        "closing_date": null,
        "closing_extendable": false,
        "created_date": "2021-05-03T19:44:50.696887",
        "current_bounty": "250000000000000000",
        "current_price": "25000000000000000000",
        "exchange": "0x7be8076f4ea4a4ad08075c2508e481d6c946d12b",
        "expiration_time": 0,
        "extra": "0",
        "fee_method": 1,
        "fee_recipient": Object {
          "address": "0x5b3256965e7c3cf26e11fcaf296dfc8807c01073",
          "config": "verified",
          "discord_id": "",
          "profile_img_url": "https://storage.googleapis.com/opensea-static/opensea-profile/28.png",
          "user": 3585,
        },
        "finalized": false,
        "how_to_call": 0,
        "listing_time": 1620070982,
        "maker": Object {
          "address": "0xe75021660e00a7fa0df1b97da13ebabe6d82e7ea",
          "config": "",
          "discord_id": "",
          "profile_img_url": "https://storage.googleapis.com/opensea-static/opensea-profile/15.png",
          "user": 168661,
        },
        "maker_protocol_fee": "0",
        "maker_referrer_fee": "0",
        "maker_relayer_fee": "250",
        "marked_invalid": false,
        "metadata": Object {
          "asset": Object {
            "address": "0xb7f7f6c52f2e2fdb1963eab30438024864c313f6",
            "id": "5683",
          },
          "schema": "ERC721",
        },
        "order_hash": "0x5cad251998db8c32dadac8bab3130b7eaa5d6ac881137c4cc99bc881106a8d69",
        "payment_token": "0x0000000000000000000000000000000000000000",
        "payment_token_contract": Object {
          "address": "0x0000000000000000000000000000000000000000",
          "decimals": 18,
          "eth_price": "1.000000000000000",
          "id": 1,
          "image_url": "https://storage.opensea.io/files/6f8e2979d428180222796ff4a33ab929.svg",
          "name": "Ether",
          "symbol": "ETH",
          "usd_price": "2415.300000000000182000",
        },
        "prefixed_hash": "0x440e12cf61270aca76dc3ed92c62c8980abf49e91c65142fa1bd1a9ba9a0e3bb",
        "quantity": "1",
        "r": "0x461e56ad6dd58080e649fb3aae069d67d375e5bdf09a65cd2f268b6cef77bedd",
        "replacement_pattern": "0x000000000000000000000000000000000000000000000000000000000000000000000000ffffffffffffffffffffffffffffffffffffffffffffffffffffffffffffffff0000000000000000000000000000000000000000000000000000000000000000",
        "s": "0x14a1cf60413fc1854feb207fbef740f2e777a7159f9f683ccef53c3ebe955ac8",
        "sale_kind": 0,
        "salt": "16973067505744390937148121247630779658737057513941597048692638454398824753759",
        "side": 1,
        "static_extradata": "0x",
        "static_target": "0x0000000000000000000000000000000000000000",
        "taker": Object {
          "address": "0x0000000000000000000000000000000000000000",
          "config": "",
          "discord_id": "",
          "profile_img_url": "https://storage.googleapis.com/opensea-static/opensea-profile/1.png",
          "user": 1766,
        },
        "taker_protocol_fee": "0",
        "taker_relayer_fee": "0",
        "target": "0xb7f7f6c52f2e2fdb1963eab30438024864c313f6",
        "v": 27,
      },
    ],
    "token_id": "5683",
    "token_metadata": "https://wrappedpunks.com:3000/api/punks/metadata/5683",
    "top_bid": null,
    "traits": Array [],
    "transfer_fee": null,
    "transfer_fee_payment_token": null,
  },
  "pricing": Object {
    "auctionType": "RESERVE",
    "perpetual": Object {
      "ask": undefined,
      "bids": Array [],
      "highestBid": undefined,
    },
    "reserve": Object {
      "approved": true,
      "approvedTimestamp": "12974",
      "auctionCurrency": Object {
        "decimals": 18,
        "id": "0xFACE",
        "name": "Wrapped Ether",
        "symbol": "WETH",
      },
      "createdAtTimestamp": "12974",
      "curator": Object {
        "id": "10",
      },
      "curatorFeePercentage": 100,
      "current": Object {
        "highestBid": Object {
          "placedAt": "12974",
          "placedBy": "10",
          "pricing": Object {
            "amount": "12974",
            "computedValue": undefined,
            "currency": Object {
              "decimals": 18,
              "id": "0xFACE",
              "name": "Wrapped Ether",
              "symbol": "WETH",
            },
            "prettyAmount": "1.2974e-14",
          },
        },
        "likelyHasEnded": true,
        "reserveMet": true,
      },
      "currentBid": Object {
        "bidType": "Final",
        "bidder": Object {
          "id": "10",
        },
        "createdAtTimestamp": "12974",
        "pricing": Object {
          "amount": "12974",
          "computedValue": undefined,
          "currency": Object {
            "decimals": 18,
            "id": "0xFACE",
            "name": "Wrapped Ether",
            "symbol": "WETH",
          },
          "prettyAmount": "1.2974e-14",
        },
        "transactionHash": "Hello World",
      },
      "duration": "12974",
      "expectedEndTimestamp": "12974",
      "finalizedAtTimestamp": "12974",
      "firstBidTime": "12974",
      "id": "0",
      "previousBids": Array [
        Object {
          "bidInactivatedAtBlockNumber": "12974",
          "bidInactivatedAtTimestamp": "12974",
          "bidType": "Final",
          "bidder": Object {
            "id": "10",
          },
          "createdAtTimestamp": "12974",
          "id": "3",
          "pricing": Object {
            "amount": "12974",
            "computedValue": undefined,
            "currency": Object {
              "decimals": 18,
              "id": "0xFACE",
              "name": "Wrapped Ether",
              "symbol": "WETH",
            },
            "prettyAmount": "1.2974e-14",
          },
          "transactionHash": "Hello World",
        },
        Object {
          "bidInactivatedAtBlockNumber": "12974",
          "bidInactivatedAtTimestamp": "12974",
          "bidType": "Final",
          "bidder": Object {
            "id": "10",
          },
          "createdAtTimestamp": "12974",
          "id": "4",
          "pricing": Object {
            "amount": "12974",
            "computedValue": undefined,
            "currency": Object {
              "decimals": 18,
              "id": "0xFACE",
              "name": "Wrapped Ether",
              "symbol": "WETH",
            },
            "prettyAmount": "1.2974e-14",
          },
          "transactionHash": "Hello World",
        },
      ],
      "reservePrice": Object {
        "amount": "12974",
        "computedValue": undefined,
        "currency": Object {
          "decimals": 18,
          "id": "0xFACE",
          "name": "Wrapped Ether",
          "symbol": "WETH",
        },
        "prettyAmount": "1.2974e-14",
      },
      "status": "Active",
      "token": "0xb7f7f6c52f2e2fdb1963eab30438024864c313f6-5683",
      "tokenContract": "0xb7f7f6c52f2e2fdb1963eab30438024864c313f6",
      "tokenId": 2974,
      "tokenOwner": Object {
        "id": "10",
      },
      "transactionHash": "Hello World",
    },
    "status": "RESERVE_AUCTION_FINISHED",
  },
}
`;

exports[`useZNFT loads an nft currently in an auction 1`] = `
Object {
  "nft": Object {
    "contract": Object {
      "address": "0xb7f7f6c52f2e2fdb1963eab30438024864c313f6",
      "image": "https://lh3.googleusercontent.com/OnBu_tLdS59m_tThijZTUwikivyOdPFSY30VrD15Ucg8uW0x_bJ9iHQqP1iaQGh6Q5RllO_wFgfzVJunWgL6OWQw=s120",
      "name": "Wrapped Cryptopunks",
      "symbol": "WPUNKS",
    },
    "creator": "0x53ede7cae3eb6a7d11429fe589c0278c9acbe21a",
    "metadataURI": "https://wrappedpunks.com:3000/api/punks/metadata/5683",
    "owner": "0xe75021660e00a7fa0df1b97da13ebabe6d82e7ea",
    "tokenId": "5683",
  },
  "openseaInfo": Object {
    "animation_original_url": null,
    "animation_url": null,
    "asset_contract": Object {
      "address": "0xb7f7f6c52f2e2fdb1963eab30438024864c313f6",
      "asset_contract_type": "non-fungible",
      "buyer_fee_basis_points": 0,
      "created_date": "2020-09-08T15:11:55.066145",
      "default_to_fiat": false,
      "description": "Wrapped Punks are ERC721 Tokens, each one backed 1:1 by an original Cryptopunk by Larvalabs.

Buy an original Cryptopunk at https://larvalabs.com/cryptopunks

Turn your Original Cryptopunk into an ERC721 at https://wrappedpunks.com/

The CryptoPunks are the first NFT. A fixed set of 10,000, they were launched in mid-2017 and became one of the inspirations for the ERC-721 standard.",
      "dev_buyer_fee_basis_points": 0,
      "dev_seller_fee_basis_points": 0,
      "external_link": "https://wrappedpunks.com/",
      "image_url": "https://lh3.googleusercontent.com/OnBu_tLdS59m_tThijZTUwikivyOdPFSY30VrD15Ucg8uW0x_bJ9iHQqP1iaQGh6Q5RllO_wFgfzVJunWgL6OWQw=s120",
      "name": "Wrapped Cryptopunks",
      "nft_version": "3.0",
      "only_proxied_transfers": false,
      "opensea_buyer_fee_basis_points": 0,
      "opensea_seller_fee_basis_points": 250,
      "opensea_version": null,
      "owner": 601,
      "payout_address": null,
      "schema_name": "ERC721",
      "seller_fee_basis_points": 250,
      "symbol": "WPUNKS",
      "total_supply": "0",
    },
    "background_color": null,
    "collection": Object {
      "banner_image_url": "https://storage.googleapis.com/opensea-prod.appspot.com/static/banners/wrapped-banner2.png",
      "chat_url": null,
      "created_date": "2020-09-08T15:42:31.406295",
      "default_to_fiat": false,
      "description": "Wrapped Punks are ERC721 Tokens, each one backed 1:1 by an original Cryptopunk by Larvalabs.

Buy an original Cryptopunk at https://larvalabs.com/cryptopunks

Turn your Original Cryptopunk into an ERC721 at https://wrappedpunks.com/

The CryptoPunks are the first NFT. A fixed set of 10,000, they were launched in mid-2017 and became one of the inspirations for the ERC-721 standard.",
      "dev_buyer_fee_basis_points": "0",
      "dev_seller_fee_basis_points": "0",
      "discord_url": "https://discord.gg/Bvf5m9k",
      "display_data": Object {
        "card_display_style": "cover",
      },
      "external_url": "https://wrappedpunks.com/",
      "featured": false,
      "featured_image_url": "https://lh3.googleusercontent.com/pGU54BaIe5k4I_zsAt7j3mZaLLPDbRHzPqjPDOubQc_hyHw7T7lnGb8x3ce0O9NX3qYYD887BMZ3uvrbL1JJQU2g3Q=s300",
      "hidden": false,
      "image_url": "https://lh3.googleusercontent.com/OnBu_tLdS59m_tThijZTUwikivyOdPFSY30VrD15Ucg8uW0x_bJ9iHQqP1iaQGh6Q5RllO_wFgfzVJunWgL6OWQw=s120",
      "instagram_username": null,
      "is_subject_to_whitelist": false,
      "large_image_url": "https://lh3.googleusercontent.com/pGU54BaIe5k4I_zsAt7j3mZaLLPDbRHzPqjPDOubQc_hyHw7T7lnGb8x3ce0O9NX3qYYD887BMZ3uvrbL1JJQU2g3Q=s300",
      "medium_username": null,
      "name": "Wrapped Cryptopunks",
      "only_proxied_transfers": false,
      "opensea_buyer_fee_basis_points": "0",
      "opensea_seller_fee_basis_points": "250",
      "payout_address": null,
      "require_email": false,
      "safelist_request_status": "verified",
      "short_description": null,
      "slug": "wrapped-cryptopunks",
      "telegram_url": null,
      "twitter_username": "arkgalleryDAO",
      "wiki_url": null,
    },
    "creator": Object {
      "address": "0x53ede7cae3eb6a7d11429fe589c0278c9acbe21a",
      "config": "",
      "discord_id": "",
      "profile_img_url": "https://storage.googleapis.com/opensea-static/opensea-profile/2.png",
      "user": Object {
        "username": "Hemba",
      },
    },
    "decimals": 0,
    "description": "This Punk was wrapped using Wrapped Punks contract, accessible from https://wrappedpunks.com",
    "external_link": "https://wrappedpunks.com",
    "id": 16650348,
    "image_original_url": "https://wrappedpunks.com:3000/images/punks/5683.png",
    "image_preview_url": "https://lh3.googleusercontent.com/gWQJ3wVLZxXSluwbI4V1SLqzbwJtIp4H2qIHzw_u3xw7o42r3UzNqhrpSSTiyUnYQdyXaKVyav1t2kPfcsqVfLGfYBtsmEK6TXDS=s250",
    "image_thumbnail_url": "https://lh3.googleusercontent.com/gWQJ3wVLZxXSluwbI4V1SLqzbwJtIp4H2qIHzw_u3xw7o42r3UzNqhrpSSTiyUnYQdyXaKVyav1t2kPfcsqVfLGfYBtsmEK6TXDS=s128",
    "image_url": "https://lh3.googleusercontent.com/gWQJ3wVLZxXSluwbI4V1SLqzbwJtIp4H2qIHzw_u3xw7o42r3UzNqhrpSSTiyUnYQdyXaKVyav1t2kPfcsqVfLGfYBtsmEK6TXDS",
    "is_presale": false,
    "last_sale": Object {
      "asset": Object {
        "decimals": 0,
        "token_id": "5683",
      },
      "asset_bundle": null,
      "auction_type": "dutch",
      "created_date": "2020-09-29T04:52:14.730742",
      "event_timestamp": "2020-09-29T04:50:55",
      "event_type": "successful",
      "payment_token": Object {
        "address": "0x0000000000000000000000000000000000000000",
        "decimals": 18,
        "eth_price": "1.000000000000000",
        "id": 1,
        "image_url": "https://storage.opensea.io/files/6f8e2979d428180222796ff4a33ab929.svg",
        "name": "Ether",
        "symbol": "ETH",
        "usd_price": "2415.300000000000182000",
      },
      "quantity": "1",
      "total_price": "4990000000000000000",
      "transaction": Object {
        "block_hash": "0x8f3d9ba7df0cf431f04d6ee3b6e56967efed70f94455e4adaca81a0908b6fe98",
        "block_number": "10955351",
        "from_account": Object {
          "address": "0x13816f65ba8195768e6825eb774fd3c6a05a0ac8",
          "config": "affiliate",
          "discord_id": "",
          "profile_img_url": "https://storage.googleapis.com/opensea-static/opensea-profile/32.png",
          "user": Object {
            "username": null,
          },
        },
        "id": 49676580,
        "timestamp": "2020-09-29T04:50:55",
        "to_account": Object {
          "address": "0x131aebbfe55bca0c9eaad4ea24d386c5c082dd58",
          "config": "",
          "discord_id": "",
          "profile_img_url": "https://storage.googleapis.com/opensea-static/opensea-profile/16.png",
          "user": null,
        },
        "transaction_hash": "0xd4c03cc1a0f95c6d7fcb78edb58ceb38235ff4721bba353ad896f126c5e4396c",
        "transaction_index": "81",
      },
    },
    "listing_date": null,
    "name": "W#5683",
    "num_sales": 3,
    "owner": Object {
      "address": "0xe75021660e00a7fa0df1b97da13ebabe6d82e7ea",
      "config": "",
      "discord_id": "",
      "profile_img_url": "https://storage.googleapis.com/opensea-static/opensea-profile/15.png",
      "user": Object {
        "username": "CrypTortoise",
      },
    },
    "permalink": "https://opensea.io/assets/0xb7f7f6c52f2e2fdb1963eab30438024864c313f6/5683",
    "sell_orders": Array [
      Object {
        "approved_on_chain": false,
        "base_price": "25000000000000000000",
        "bounty_multiple": "0.01",
        "calldata": "0x23b872dd000000000000000000000000e75021660e00a7fa0df1b97da13ebabe6d82e7ea00000000000000000000000000000000000000000000000000000000000000000000000000000000000000000000000000000000000000000000000000001633",
        "cancelled": false,
        "closing_date": null,
        "closing_extendable": false,
        "created_date": "2021-05-03T19:44:50.696887",
        "current_bounty": "250000000000000000",
        "current_price": "25000000000000000000",
        "exchange": "0x7be8076f4ea4a4ad08075c2508e481d6c946d12b",
        "expiration_time": 0,
        "extra": "0",
        "fee_method": 1,
        "fee_recipient": Object {
          "address": "0x5b3256965e7c3cf26e11fcaf296dfc8807c01073",
          "config": "verified",
          "discord_id": "",
          "profile_img_url": "https://storage.googleapis.com/opensea-static/opensea-profile/28.png",
          "user": 3585,
        },
        "finalized": false,
        "how_to_call": 0,
        "listing_time": 1620070982,
        "maker": Object {
          "address": "0xe75021660e00a7fa0df1b97da13ebabe6d82e7ea",
          "config": "",
          "discord_id": "",
          "profile_img_url": "https://storage.googleapis.com/opensea-static/opensea-profile/15.png",
          "user": 168661,
        },
        "maker_protocol_fee": "0",
        "maker_referrer_fee": "0",
        "maker_relayer_fee": "250",
        "marked_invalid": false,
        "metadata": Object {
          "asset": Object {
            "address": "0xb7f7f6c52f2e2fdb1963eab30438024864c313f6",
            "id": "5683",
          },
          "schema": "ERC721",
        },
        "order_hash": "0x5cad251998db8c32dadac8bab3130b7eaa5d6ac881137c4cc99bc881106a8d69",
        "payment_token": "0x0000000000000000000000000000000000000000",
        "payment_token_contract": Object {
          "address": "0x0000000000000000000000000000000000000000",
          "decimals": 18,
          "eth_price": "1.000000000000000",
          "id": 1,
          "image_url": "https://storage.opensea.io/files/6f8e2979d428180222796ff4a33ab929.svg",
          "name": "Ether",
          "symbol": "ETH",
          "usd_price": "2415.300000000000182000",
        },
        "prefixed_hash": "0x440e12cf61270aca76dc3ed92c62c8980abf49e91c65142fa1bd1a9ba9a0e3bb",
        "quantity": "1",
        "r": "0x461e56ad6dd58080e649fb3aae069d67d375e5bdf09a65cd2f268b6cef77bedd",
        "replacement_pattern": "0x000000000000000000000000000000000000000000000000000000000000000000000000ffffffffffffffffffffffffffffffffffffffffffffffffffffffffffffffff0000000000000000000000000000000000000000000000000000000000000000",
        "s": "0x14a1cf60413fc1854feb207fbef740f2e777a7159f9f683ccef53c3ebe955ac8",
        "sale_kind": 0,
        "salt": "16973067505744390937148121247630779658737057513941597048692638454398824753759",
        "side": 1,
        "static_extradata": "0x",
        "static_target": "0x0000000000000000000000000000000000000000",
        "taker": Object {
          "address": "0x0000000000000000000000000000000000000000",
          "config": "",
          "discord_id": "",
          "profile_img_url": "https://storage.googleapis.com/opensea-static/opensea-profile/1.png",
          "user": 1766,
        },
        "taker_protocol_fee": "0",
        "taker_relayer_fee": "0",
        "target": "0xb7f7f6c52f2e2fdb1963eab30438024864c313f6",
        "v": 27,
      },
    ],
    "token_id": "5683",
    "token_metadata": "https://wrappedpunks.com:3000/api/punks/metadata/5683",
    "top_bid": null,
    "traits": Array [],
    "transfer_fee": null,
    "transfer_fee_payment_token": null,
  },
  "pricing": Object {
    "auctionType": "RESERVE",
    "perpetual": Object {
      "ask": undefined,
      "bids": Array [],
      "highestBid": undefined,
    },
    "reserve": Object {
      "approved": true,
      "approvedTimestamp": "12974",
      "auctionCurrency": Object {
        "decimals": 18,
        "id": "0xFACE",
        "name": "Wrapped Ether",
        "symbol": "WETH",
      },
      "createdAtTimestamp": "12974",
      "curator": Object {
        "id": "10",
      },
      "curatorFeePercentage": 100,
      "current": Object {
        "highestBid": Object {
          "placedAt": "12974",
          "placedBy": "10",
          "pricing": Object {
            "amount": "12974",
            "computedValue": undefined,
            "currency": Object {
              "decimals": 18,
              "id": "0xFACE",
              "name": "Wrapped Ether",
              "symbol": "WETH",
            },
            "prettyAmount": "1.2974e-14",
          },
        },
        "likelyHasEnded": true,
        "reserveMet": true,
      },
      "currentBid": Object {
        "bidType": "Final",
        "bidder": Object {
          "id": "10",
        },
        "createdAtTimestamp": "12974",
        "pricing": Object {
          "amount": "12974",
          "computedValue": undefined,
          "currency": Object {
            "decimals": 18,
            "id": "0xFACE",
            "name": "Wrapped Ether",
            "symbol": "WETH",
          },
          "prettyAmount": "1.2974e-14",
        },
        "transactionHash": "Hello World",
      },
      "duration": "12974",
      "expectedEndTimestamp": "12974",
      "finalizedAtTimestamp": "12974",
      "firstBidTime": "12974",
      "id": "0",
      "previousBids": Array [
        Object {
          "bidInactivatedAtBlockNumber": "12974",
          "bidInactivatedAtTimestamp": "12974",
          "bidType": "Final",
          "bidder": Object {
            "id": "10",
          },
          "createdAtTimestamp": "12974",
          "id": "3",
          "pricing": Object {
            "amount": "12974",
            "computedValue": undefined,
            "currency": Object {
              "decimals": 18,
              "id": "0xFACE",
              "name": "Wrapped Ether",
              "symbol": "WETH",
            },
            "prettyAmount": "1.2974e-14",
          },
          "transactionHash": "Hello World",
        },
        Object {
          "bidInactivatedAtBlockNumber": "12974",
          "bidInactivatedAtTimestamp": "12974",
          "bidType": "Final",
          "bidder": Object {
            "id": "10",
          },
          "createdAtTimestamp": "12974",
          "id": "4",
          "pricing": Object {
            "amount": "12974",
            "computedValue": undefined,
            "currency": Object {
              "decimals": 18,
              "id": "0xFACE",
              "name": "Wrapped Ether",
              "symbol": "WETH",
            },
            "prettyAmount": "1.2974e-14",
          },
          "transactionHash": "Hello World",
        },
      ],
      "reservePrice": Object {
        "amount": "12974",
        "computedValue": undefined,
        "currency": Object {
          "decimals": 18,
          "id": "0xFACE",
          "name": "Wrapped Ether",
          "symbol": "WETH",
        },
        "prettyAmount": "1.2974e-14",
      },
      "status": "Active",
      "token": "0xb7f7f6c52f2e2fdb1963eab30438024864c313f6-5683",
      "tokenContract": "0xb7f7f6c52f2e2fdb1963eab30438024864c313f6",
      "tokenId": 2974,
      "tokenOwner": Object {
        "id": "10",
      },
      "transactionHash": "Hello World",
    },
    "status": "RESERVE_AUCTION_FINISHED",
  },
}
`;
